<?xml version="1.0" encoding="utf-8"?><testsuites><testsuite name="pytest" errors="0" failures="0" skipped="0" tests="4" time="7.370" timestamp="2023-11-04T16:19:22.713932" hostname="LAPTOP-7UHDL5BF"><testcase classname="tests.api.test_api.TestBatchPipeline" name="test_should_failed_unkown_column_1" time="0.105" /><testcase classname="tests.api.test_api.TestBatchPipeline" name="test_should_failed_unkown_column_2" time="0.026" /><testcase classname="tests.api.test_api.TestBatchPipeline" name="test_should_failed_unkown_column_3" time="0.036" /><testcase classname="tests.api.test_api.TestBatchPipeline" name="test_should_get_predict" time="0.060" /></testsuite></testsuites>